                         
            o            
         ooooooo         
        ooooooooo        
        ooooooooo        
        ooooooooo        
       ooooooooooo       
        ooooooooo        
        ooooooooo        
        ooooooooo        
         ooooooo         
            o            
                         
