p0 4.825940 6.434587 0.598066 0.797422
KE 0.496782
PE 0.000000
P  0.598066 0.797422
