p0 1.250000 -0.250000 0.500000 -0.100000
p1 -1.000000 0.396980 0.000000 -0.198000
KE 0.169204
PE 0.000000
P  0.500000 -0.496000
