p0 0.000000 0.340928 0.000000 2.747212
KE 5.660380
PE 9.698238
P  0.000000 4.120818
