p0 1.566220 0.547329 0.340796 1.227595
p1 0.069099 0.809453 0.036743 3.219031
KE 11.175078
PE 8.170905
P  0.414282 7.665658
