p0 0.500000 -0.100000 0.500000 -0.100000
KE 0.130000
PE 0.000000
P  0.500000 -0.100000
