p0 -18.345232 3.484696 -0.017430 -0.077498
p1 12.396821 -2.989797 0.011620 -0.115001
KE 0.013175
PE 0.000000
P  -0.000000 -0.250000
