p0 1.127500 -0.663750 0.900000 -0.450000
p1 1.527500 -0.663750 0.900000 -0.450000
KE 1.012500
PE 0.000000
P  1.800000 -0.900000
