p0 4.828338 6.437784 0.600007 0.800010
KE 0.500012
PE 0.000000
P  0.600007 0.800010
