p0 0.000000 19.620000 0.000000 19.620000
KE 288.708300
PE -273.993300
P  0.000000 29.430000
