p0 0.645070 42.509246 0.056232 9.888284
p1 0.127466 56.119478 0.029623 13.967251
KE 243.975641
PE -1487.132374
P  0.115478 37.822786
