p0 -18.328332 3.514574 -0.032007 -0.073662
p1 12.385555 -3.009716 0.021338 -0.117559
KE 0.013932
PE 0.000000
P  0.000000 -0.250000
