p0 1.150000 -0.675000 0.900000 -0.450000
p1 1.550000 -0.675000 0.900000 -0.450000
KE 1.012500
PE 0.000000
P  1.800000 -0.900000
